// Jest Snapshot v1, https://goo.gl/fbAQLP

exports[`App snapshot 1`] = `
<DocumentFragment>
  <div
    class="app"
  >
    <img
      alt="NASA logo"
      class="app__nasa-logo"
      src="https://cdn.cnn.com/cnnnext/dam/assets/200424060716-nasa-worm-logo.jpg"
    />
    <input
      class="search__input"
      type="text"
    />
  </div>
</DocumentFragment>
`;
